// Jest Snapshot v1, https://goo.gl/fbAQLP

exports[`Test component <AddCategory /> Debe mostrar el componente correctamente 1`] = `
<form
  onSubmit={[Function]}
>
  <input
    className="input animate__animated animate__flash"
    onChange={[Function]}
    type="text"
    value=""
  />
</form>
`;

exports[`Test componet <AddCategory /> Debe mostrar el componente correctamente 1`] = `
<form
  onSubmit={[Function]}
>
  <input
    className="input animate__animated animate__flash"
    onChange={[Function]}
    type="text"
    value=""
  />
</form>
`;
